<html>
<body>
<pre>
<h1>µVision Build Log</h1>
<h2>Tool Versions:</h2>
IDE-Version: ¦ÌVision V5.14.0.0
Copyright (C) 2015 ARM Ltd and ARM Germany GmbH. All rights reserved.
License Information: feng chen, wego, LIC=Q7GJJ-U5CVL-XAIDC-7JEL2-79GM4-CFGSV
 
Tool Versions:
Toolchain:       MDK-ARM Professional  Version: 5.14.0.0
Toolchain Path:  C:\Keil_v5\ARM\ARMCC\Bin
C Compiler:      Armcc.exe V5.05 update 1 (build 106)
Assembler:       Armasm.exe V5.05 update 1 (build 106)
Linker/Locator:  ArmLink.exe V5.05 update 1 (build 106)
Library Manager: ArmAr.exe V5.05 update 1 (build 106)
Hex Converter:   FromElf.exe V5.05 update 1 (build 106)
CPU DLL:         SARMCM3.DLL V5.14.0.0
Dialog DLL:      DARMSTM.DLL V1.65.0.0
Target DLL:      Segger\JL2CM3.dll V2.99.13.0
Dialog DLL:      TARMSTM.DLL V1.64.0.0
 
<h2>Project:</h2>
E:\E\B_Mbed\ÊÖ¿ØÆ÷\UCOSIII_STemWin\Remote.git\trunk\USER\UCOSII-1.uvproj
Project File Date:  05/20/2019

<h2>Output:</h2>
Build target 'Target 1'
compiling main.c...
main.c(136): warning:  #223-D: function "Key_Scan" declared implicitly
          key=Key_Scan();
main.c: 1 warning, 0 errors
compiling stm32f10x_it.c...
compiling system_stm32f10x.c...
compiling led.c...
compiling key.c...
compiling lcd.c...
..\HARDWARE\LCD\lcd.c(108): warning:  #177-D: variable "temp" was declared but never referenced
                u16 temp;  
..\HARDWARE\LCD\lcd.c(437): warning:  #223-D: function "strlen" declared implicitly
        u16 len=strlen((const char *)str);
..\HARDWARE\LCD\lcd.c: 2 warnings, 0 errors
compiling spi.c...
compiling flash.c...
compiling delay.c...
compiling sys.c...
compiling usart.c...
compiling core_cm3.c...
assembling startup_stm32f10x_md.s...
compiling misc.c...
compiling stm32f10x_adc.c...
compiling stm32f10x_bkp.c...
compiling stm32f10x_can.c...
compiling stm32f10x_cec.c...
compiling stm32f10x_crc.c...
compiling stm32f10x_dac.c...
compiling stm32f10x_dbgmcu.c...
compiling stm32f10x_dma.c...
compiling stm32f10x_exti.c...
compiling stm32f10x_flash.c...
compiling stm32f10x_fsmc.c...
compiling stm32f10x_gpio.c...
compiling stm32f10x_i2c.c...
compiling stm32f10x_iwdg.c...
compiling stm32f10x_pwr.c...
compiling stm32f10x_rcc.c...
compiling stm32f10x_rtc.c...
compiling stm32f10x_sdio.c...
compiling stm32f10x_spi.c...
compiling stm32f10x_tim.c...
compiling stm32f10x_usart.c...
compiling stm32f10x_wwdg.c...
compiling OS_CORE.C...
compiling OS_FLAG.C...
compiling OS_MBOX.C...
compiling OS_MEM.C...
compiling OS_MUTEX.C...
compiling OS_Q.C...
compiling OS_SEM.C...
compiling OS_TASK.C...
compiling OS_TIME.C...
assembling os_cpu_a.asm...
compiling os_cpu_c.c...
linking...
Program Size: Code=21328 RO-data=7264 RW-data=136 ZI-data=16000  
FromELF: creating hex file...
".\UCOSII-1.axf" - 0 Error(s), 3 Warning(s).
</pre>
</body>
</html>
